******************************************************************************
                  TI ARM Linker PC v20.2.2                     
******************************************************************************
>> Linked Fri Oct  2 11:43:35 2020

OUTPUT FILE NAME:   <LM-TI_Hackathon2020.out>
ENTRY POINT SYMBOL: "_c_int00_noargs"  address: 00000d79


MEMORY CONFIGURATION

         name            origin    length      used     unused   attr    fill
----------------------  --------  ---------  --------  --------  ----  --------
  MAIN                  00000000   00040000  00000fc8  0003f038  R  X
  INFO                  00200000   00004000  00000000  00004000  R  X
  SRAM_CODE             01000000   00010000  00000664  0000f99c  RW X
  SRAM_DATA             20000000   00010000  00000664  0000f99c  RW  


SEGMENT ALLOCATION MAP

run origin  load origin   length   init length attrs members
----------  ----------- ---------- ----------- ----- -------
00000000    00000000    00000fc8   00000fc8    r-x
  00000000    00000000    000000e4   000000e4    r-- .intvecs
  000000e4    000000e4    00000ea8   00000ea8    r-x .text
  00000f8c    00000f8c    00000004   00000004    r-- .init_array
  00000f90    00000f90    00000038   00000038    r-- .cinit
20000000    20000000    00000464   00000000    rw-
  20000000    20000000    00000400   00000000    rw- .sysmem
  20000400    20000400    00000050   00000000    rw- .bss
  20000450    20000450    00000014   00000000    rw- .data
2000fe00    2000fe00    00000200   00000000    rw-
  2000fe00    2000fe00    00000200   00000000    rw- .stack


SECTION ALLOCATION MAP

 output                                  attributes/
section   page    origin      length       input sections
--------  ----  ----------  ----------   ----------------
.intvecs   0    00000000    000000e4     
                  00000000    000000e4     startup_msp432p401r_ccs.obj (.intvecs:retain)

.binit     0    00000000    00000000     

.text      0    000000e4    00000ea8     
                  000000e4    00000334     system_msp432p401r.obj (.text)
                  00000418    00000234     Stepper.obj (.text)
                  0000064c    000001e8     main.obj (.text)
                  00000834    00000100     rtsv7M4_T_le_v4SPD16_eabi.lib : memory.c.obj (.text:aligned_alloc)
                  00000934    000000b0     Stepper.obj (.text:_ZN5Utils7pinModeEP31DIO_PORT_Odd_Interruptable_Typeh7PinMode)
                  000009e4    000000b0     Stepper.obj (.text:_ZN5Utils7pinModeEP32DIO_PORT_Even_Interruptable_Typeh7PinMode)
                  00000a94    0000009c     rtsv7M4_T_le_v4SPD16_eabi.lib : memcpy_t2.asm.obj (.text)
                  00000b30    00000070                                   : memory.c.obj (.text:split)
                  00000ba0    00000068                                   : copy_decompress_lzss.c.obj (.text:decompress:lzss:__TI_decompress_lzss)
                  00000c08    00000060                                   : autoinit.c.obj (.text:__TI_auto_init_nobinit:__TI_auto_init_nobinit)
                  00000c68    00000038     Stepper.obj (.text:_ZN3Pin5writeE9DigitalIO)
                  00000ca0    00000038     Stepper.obj (.text:_ZN3Pin7setModeE7PinMode)
                  00000cd8    00000036     Stepper.obj (.text:_ZN5Utils12digitalWriteEP31DIO_PORT_Odd_Interruptable_Typeh9DigitalIO)
                  00000d0e    00000036     Stepper.obj (.text:_ZN5Utils12digitalWriteEP32DIO_PORT_Even_Interruptable_Typeh9DigitalIO)
                  00000d44    00000034     Stepper.obj (.text:_ZN5Utils11SysTickWaitEj)
                  00000d78    00000034     rtsv7M4_T_le_v4SPD16_eabi.lib : boot_cortex_m.c.obj (.text:_c_int00_noargs:_c_int00_noargs)
                  00000dac    00000030     main.obj (.text:_ZN3Pin4readEv)
                  00000ddc    0000002c     main.obj (.text:_ZN5Utils11digitalReadEP31DIO_PORT_Odd_Interruptable_Typeh)
                  00000e08    0000002c     main.obj (.text:_ZN5Utils11digitalReadEP32DIO_PORT_Even_Interruptable_Typeh)
                  00000e34    00000028     rtsv7M4_T_le_v4SPD16_eabi.lib : memory.c.obj (.text:free_list_insert)
                  00000e5c    00000026     main.obj (.text:_ZN3PinC1EP31DIO_PORT_Odd_Interruptable_Typeh)
                  00000e82    00000026     main.obj (.text:_ZN3PinC1EP32DIO_PORT_Even_Interruptable_Typeh)
                  00000ea8    00000022     rtsv7M4_T_le_v4SPD16_eabi.lib : new.cpp.obj (.text:_Znwj)
                  00000eca    0000001c                                   : copy_zero_init.c.obj (.text:decompress:ZI:__TI_zero_init_nomemset:__TI_zero_init_nomemset)
                  00000ee6    00000002                                   : _lock.c.obj (.text:_nop)
                  00000ee8    0000001c                                   : memory.c.obj (.text:free_list_remove)
                  00000f04    00000018     Stepper.obj (.text:_ZN5Utils12SysTick_InitEv)
                  00000f1c    00000012     Stepper.obj (.text:_ZN5Utils17SysTickWaitMicrosEj)
                  00000f2e    00000012     main.obj (.text:_ZN5Utils17SysTickWaitMillisEj)
                  00000f40    00000012     main.obj (.text:_ZN5Utils18SysTickWaitSecondsEj)
                  00000f52    0000000e     rtsv7M4_T_le_v4SPD16_eabi.lib : copy_decompress_none.c.obj (.text:decompress:none:__TI_decompress_none)
                  00000f60    0000000e     startup_msp432p401r_ccs.obj (.text)
                  00000f6e    00000002     --HOLE-- [fill = 0]
                  00000f70    0000000c     rtsv7M4_T_le_v4SPD16_eabi.lib : new.cpp.obj (.text:_ZSt15get_new_handlerv)
                  00000f7c    00000008                                   : memory.c.obj (.text:malloc)
                  00000f84    00000004                                   : pre_init.c.obj (.text:_system_pre_init)
                  00000f88    00000004                                   : exit.c.obj (.text:abort:abort)

.cinit     0    00000f90    00000038     
                  00000f90    00000011     (.cinit..data.load) [load image, compression = lzss]
                  00000fa1    00000003     --HOLE-- [fill = 0]
                  00000fa4    0000000c     (__TI_handler_table)
                  00000fb0    00000008     (.cinit..bss.load) [load image, compression = zero_init]
                  00000fb8    00000010     (__TI_cinit_table)

.init_array 
*          0    00000f8c    00000004     
                  00000f8c    00000004     main.obj (.init_array)

.sysmem    0    20000000    00000400     UNINITIALIZED
                  20000000    00000010     rtsv7M4_T_le_v4SPD16_eabi.lib : memory.c.obj (.sysmem)
                  20000010    000003f0     --HOLE--

.bss       0    20000400    00000050     UNINITIALIZED
                  20000400    0000000c     main.obj (.bss:PHOTON_IN)
                  2000040c    0000000c     main.obj (.bss:PHOTON_OUT)
                  20000418    0000000c     main.obj (.bss:RED_LED)
                  20000424    0000000c     main.obj (.bss:S1)
                  20000430    0000000c     main.obj (.bss:S2)
                  2000043c    0000000c     main.obj (.bss:S_EXT)
                  20000448    00000004     rtsv7M4_T_le_v4SPD16_eabi.lib : new.cpp.obj (.bss)
                  2000044c    00000004     (.common:stepper)

.data      0    20000450    00000014     UNINITIALIZED
                  20000450    00000008     rtsv7M4_T_le_v4SPD16_eabi.lib : _lock.c.obj (.data:$O1$$)
                  20000458    00000008                                   : memory.c.obj (.data:$O1$$)
                  20000460    00000004     system_msp432p401r.obj (.data)

.stack     0    2000fe00    00000200     UNINITIALIZED
                  2000fe00    00000004     rtsv7M4_T_le_v4SPD16_eabi.lib : boot_cortex_m.c.obj (.stack)
                  2000fe04    000001fc     --HOLE--

__llvm_prf_cnts 
*          0    20000000    00000000     UNINITIALIZED

MODULE SUMMARY

       Module                        code   ro data   rw data
       ------                        ----   -------   -------
    .\
       Stepper.obj                   1230   0         0      
       main.obj                      736    4         152    
       system_msp432p401r.obj        820    0         8      
       startup_msp432p401r_ccs.obj   14     228       0      
    +--+-----------------------------+------+---------+---------+
       Total:                        2800   232       160    
                                                             
    G:\ti\ccs1011\ccs\tools\compiler\ti-cgt-arm_20.2.2.LTS\lib\rtsv7M4_T_le_v4SPD16_eabi.lib
       memory.c.obj                  444    0         16     
       memcpy_t2.asm.obj             156    0         0      
       copy_decompress_lzss.c.obj    104    0         0      
       autoinit.c.obj                96     0         0      
       new.cpp.obj                   46     0         8      
       boot_cortex_m.c.obj           52     0         0      
       copy_zero_init.c.obj          28     0         0      
       _lock.c.obj                   2      0         16     
       copy_decompress_none.c.obj    14     0         0      
       exit.c.obj                    4      0         0      
       pre_init.c.obj                4      0         0      
    +--+-----------------------------+------+---------+---------+
       Total:                        950    0         40     
                                                             
       Heap:                         0      0         2048   
       Stack:                        0      0         1024   
       Linker Generated:             0      53        0      
    +--+-----------------------------+------+---------+---------+
       Grand Total:                  3750   285       3272   


LINKER GENERATED COPY TABLES

__TI_cinit_table @ 00000fb8 records: 2, size/record: 8, table size: 16
	.data: load addr=00000f90, load size=00000011 bytes, run addr=20000450, run size=00000014 bytes, compression=lzss
	.bss: load addr=00000fb0, load size=00000008 bytes, run addr=20000400, run size=00000050 bytes, compression=zero_init


LINKER GENERATED HANDLER TABLE

__TI_handler_table @ 00000fa4 records: 3, size/record: 4, table size: 12
	index: 0, handler: __TI_decompress_lzss
	index: 1, handler: __TI_decompress_none
	index: 2, handler: __TI_zero_init


GLOBAL SYMBOLS: SORTED ALPHABETICALLY BY Name 

address   name                                                                  
-------   ----                                                                  
00000f6d  ADC14_IRQHandler                                                      
00000f6d  AES256_IRQHandler                                                     
00000f6d  BusFault_Handler                                                      
00000f89  C$$EXIT                                                               
00000f6d  COMP_E0_IRQHandler                                                    
00000f6d  COMP_E1_IRQHandler                                                    
00000f6d  CS_IRQHandler                                                         
00000f6d  DMA_ERR_IRQHandler                                                    
00000f6d  DMA_INT0_IRQHandler                                                   
00000f6d  DMA_INT1_IRQHandler                                                   
00000f6d  DMA_INT2_IRQHandler                                                   
00000f6d  DMA_INT3_IRQHandler                                                   
00000f6d  DebugMon_Handler                                                      
00000f6d  Default_Handler                                                       
00000f6d  EUSCIA0_IRQHandler                                                    
00000f6d  EUSCIA1_IRQHandler                                                    
00000f6d  EUSCIA2_IRQHandler                                                    
00000f6d  EUSCIA3_IRQHandler                                                    
00000f6d  EUSCIB0_IRQHandler                                                    
00000f6d  EUSCIB1_IRQHandler                                                    
00000f6d  EUSCIB2_IRQHandler                                                    
00000f6d  EUSCIB3_IRQHandler                                                    
00000f6d  FLCTL_IRQHandler                                                      
00000f6d  FPU_IRQHandler                                                        
00000f6d  HardFault_Handler                                                     
00000f6d  MemManage_Handler                                                     
00000f6d  NMI_Handler                                                           
00000f6d  PCM_IRQHandler                                                        
20000400  PHOTON_IN                                                             
2000040c  PHOTON_OUT                                                            
00000f6d  PORT1_IRQHandler                                                      
00000f6d  PORT2_IRQHandler                                                      
00000f6d  PORT3_IRQHandler                                                      
00000f6d  PORT4_IRQHandler                                                      
00000f6d  PORT5_IRQHandler                                                      
00000f6d  PORT6_IRQHandler                                                      
00000f6d  PSS_IRQHandler                                                        
00000f6d  PendSV_Handler                                                        
20000418  RED_LED                                                               
00000f6d  RTC_C_IRQHandler                                                      
00000f61  Reset_Handler                                                         
20000424  S1                                                                    
20000430  S2                                                                    
00000f8c  SHT$$INIT_ARRAY$$Base                                                 
00000f90  SHT$$INIT_ARRAY$$Limit                                                
00000f6d  SVC_Handler                                                           
2000043c  S_EXT                                                                 
00000f6d  SysTick_Handler                                                       
20000460  SystemCoreClock                                                       
000000e5  SystemCoreClockUpdate                                                 
0000035d  SystemInit                                                            
00000f6d  T32_INT1_IRQHandler                                                   
00000f6d  T32_INT2_IRQHandler                                                   
00000f6d  T32_INTC_IRQHandler                                                   
00000f6d  TA0_0_IRQHandler                                                      
00000f6d  TA0_N_IRQHandler                                                      
00000f6d  TA1_0_IRQHandler                                                      
00000f6d  TA1_N_IRQHandler                                                      
00000f6d  TA2_0_IRQHandler                                                      
00000f6d  TA2_N_IRQHandler                                                      
00000f6d  TA3_0_IRQHandler                                                      
00000f6d  TA3_N_IRQHandler                                                      
00000f6d  UsageFault_Handler                                                    
4000480c  WDTCTL_SYM                                                            
00000f6d  WDT_A_IRQHandler                                                      
00000781  _Z10turnHandlev                                                       
000006ff  _Z4loopv                                                              
0000075d  _Z4zerov                                                              
0000064d  _Z5setupv                                                             
00000dad  _ZN3Pin4readEv                                                        
00000c69  _ZN3Pin5writeE9DigitalIO                                              
00000ca1  _ZN3Pin7setModeE7PinMode                                              
00000e5d  _ZN3PinC1EP31DIO_PORT_Odd_Interruptable_Typeh                         
00000e83  _ZN3PinC1EP32DIO_PORT_Even_Interruptable_Typeh                        
00000d45  _ZN5Utils11SysTickWaitEj                                              
00000ddd  _ZN5Utils11digitalReadEP31DIO_PORT_Odd_Interruptable_Typeh            
00000e09  _ZN5Utils11digitalReadEP32DIO_PORT_Even_Interruptable_Typeh           
00000f05  _ZN5Utils12SysTick_InitEv                                             
00000cd9  _ZN5Utils12digitalWriteEP31DIO_PORT_Odd_Interruptable_Typeh9DigitalIO 
00000d0f  _ZN5Utils12digitalWriteEP32DIO_PORT_Even_Interruptable_Typeh9DigitalIO
00000f1d  _ZN5Utils17SysTickWaitMicrosEj                                        
00000f2f  _ZN5Utils17SysTickWaitMillisEj                                        
00000f41  _ZN5Utils18SysTickWaitSecondsEj                                       
00000935  _ZN5Utils7pinModeEP31DIO_PORT_Odd_Interruptable_Typeh7PinMode         
000009e5  _ZN5Utils7pinModeEP32DIO_PORT_Even_Interruptable_Typeh7PinMode        
000004c9  _ZN7Stepper4stepEi                                                    
0000055d  _ZN7Stepper7unpowerEv                                                 
000004ab  _ZN7Stepper8setSpeedEl                                                
00000589  _ZN7Stepper9stepMotorEi                                               
00000419  _ZN7StepperC1E3PinS0_S0_S0_                                           
00000419  _ZN7StepperC2E3PinS0_S0_S0_                                           
00000f71  _ZSt15get_new_handlerv                                                
00000f89  _ZSt17__throw_bad_allocv                                              
00000ea9  _Znwj                                                                 
20010000  __STACK_END                                                           
00000200  __STACK_SIZE                                                          
00000400  __SYSMEM_SIZE                                                         
00000fb8  __TI_CINIT_Base                                                       
00000fc8  __TI_CINIT_Limit                                                      
00000fa4  __TI_Handler_Table_Base                                               
00000fb0  __TI_Handler_Table_Limit                                              
00000c09  __TI_auto_init_nobinit                                                
00000ba1  __TI_decompress_lzss                                                  
00000f53  __TI_decompress_none                                                  
ffffffff  __TI_pprof_out_hndl                                                   
ffffffff  __TI_prof_data_size                                                   
ffffffff  __TI_prof_data_start                                                  
00000000  __TI_static_base__                                                    
00000ecb  __TI_zero_init_nomemset                                               
00000a95  __aeabi_memcpy                                                        
00000a95  __aeabi_memcpy4                                                       
00000a95  __aeabi_memcpy8                                                       
ffffffff  __binit__                                                             
ffffffff  __c_args__                                                            
UNDEFED   __mpu_init                                                            
2000fe00  __stack                                                               
20000000  __start___llvm_prf_cnts                                               
000007c7  __sti___8_main_cpp_RED_LED                                            
20000000  __stop___llvm_prf_cnts                                                
00000d79  _c_int00_noargs                                                       
20000450  _lock                                                                 
00000ee7  _nop                                                                  
20000000  _sys_memory                                                           
UNDEFED   _system_post_cinit                                                    
00000f85  _system_pre_init                                                      
20000454  _unlock                                                               
00000f89  abort                                                                 
00000835  aligned_alloc                                                         
ffffffff  binit                                                                 
00000000  interruptVectors                                                      
000007bb  main                                                                  
00000f7d  malloc                                                                
00000835  memalign                                                              
00000a95  memcpy                                                                
2000044c  stepper                                                               


GLOBAL SYMBOLS: SORTED BY Symbol Address 

address   name                                                                  
-------   ----                                                                  
00000000  __TI_static_base__                                                    
00000000  interruptVectors                                                      
000000e5  SystemCoreClockUpdate                                                 
00000200  __STACK_SIZE                                                          
0000035d  SystemInit                                                            
00000400  __SYSMEM_SIZE                                                         
00000419  _ZN7StepperC1E3PinS0_S0_S0_                                           
00000419  _ZN7StepperC2E3PinS0_S0_S0_                                           
000004ab  _ZN7Stepper8setSpeedEl                                                
000004c9  _ZN7Stepper4stepEi                                                    
0000055d  _ZN7Stepper7unpowerEv                                                 
00000589  _ZN7Stepper9stepMotorEi                                               
0000064d  _Z5setupv                                                             
000006ff  _Z4loopv                                                              
0000075d  _Z4zerov                                                              
00000781  _Z10turnHandlev                                                       
000007bb  main                                                                  
000007c7  __sti___8_main_cpp_RED_LED                                            
00000835  aligned_alloc                                                         
00000835  memalign                                                              
00000935  _ZN5Utils7pinModeEP31DIO_PORT_Odd_Interruptable_Typeh7PinMode         
000009e5  _ZN5Utils7pinModeEP32DIO_PORT_Even_Interruptable_Typeh7PinMode        
00000a95  __aeabi_memcpy                                                        
00000a95  __aeabi_memcpy4                                                       
00000a95  __aeabi_memcpy8                                                       
00000a95  memcpy                                                                
00000ba1  __TI_decompress_lzss                                                  
00000c09  __TI_auto_init_nobinit                                                
00000c69  _ZN3Pin5writeE9DigitalIO                                              
00000ca1  _ZN3Pin7setModeE7PinMode                                              
00000cd9  _ZN5Utils12digitalWriteEP31DIO_PORT_Odd_Interruptable_Typeh9DigitalIO 
00000d0f  _ZN5Utils12digitalWriteEP32DIO_PORT_Even_Interruptable_Typeh9DigitalIO
00000d45  _ZN5Utils11SysTickWaitEj                                              
00000d79  _c_int00_noargs                                                       
00000dad  _ZN3Pin4readEv                                                        
00000ddd  _ZN5Utils11digitalReadEP31DIO_PORT_Odd_Interruptable_Typeh            
00000e09  _ZN5Utils11digitalReadEP32DIO_PORT_Even_Interruptable_Typeh           
00000e5d  _ZN3PinC1EP31DIO_PORT_Odd_Interruptable_Typeh                         
00000e83  _ZN3PinC1EP32DIO_PORT_Even_Interruptable_Typeh                        
00000ea9  _Znwj                                                                 
00000ecb  __TI_zero_init_nomemset                                               
00000ee7  _nop                                                                  
00000f05  _ZN5Utils12SysTick_InitEv                                             
00000f1d  _ZN5Utils17SysTickWaitMicrosEj                                        
00000f2f  _ZN5Utils17SysTickWaitMillisEj                                        
00000f41  _ZN5Utils18SysTickWaitSecondsEj                                       
00000f53  __TI_decompress_none                                                  
00000f61  Reset_Handler                                                         
00000f6d  ADC14_IRQHandler                                                      
00000f6d  AES256_IRQHandler                                                     
00000f6d  BusFault_Handler                                                      
00000f6d  COMP_E0_IRQHandler                                                    
00000f6d  COMP_E1_IRQHandler                                                    
00000f6d  CS_IRQHandler                                                         
00000f6d  DMA_ERR_IRQHandler                                                    
00000f6d  DMA_INT0_IRQHandler                                                   
00000f6d  DMA_INT1_IRQHandler                                                   
00000f6d  DMA_INT2_IRQHandler                                                   
00000f6d  DMA_INT3_IRQHandler                                                   
00000f6d  DebugMon_Handler                                                      
00000f6d  Default_Handler                                                       
00000f6d  EUSCIA0_IRQHandler                                                    
00000f6d  EUSCIA1_IRQHandler                                                    
00000f6d  EUSCIA2_IRQHandler                                                    
00000f6d  EUSCIA3_IRQHandler                                                    
00000f6d  EUSCIB0_IRQHandler                                                    
00000f6d  EUSCIB1_IRQHandler                                                    
00000f6d  EUSCIB2_IRQHandler                                                    
00000f6d  EUSCIB3_IRQHandler                                                    
00000f6d  FLCTL_IRQHandler                                                      
00000f6d  FPU_IRQHandler                                                        
00000f6d  HardFault_Handler                                                     
00000f6d  MemManage_Handler                                                     
00000f6d  NMI_Handler                                                           
00000f6d  PCM_IRQHandler                                                        
00000f6d  PORT1_IRQHandler                                                      
00000f6d  PORT2_IRQHandler                                                      
00000f6d  PORT3_IRQHandler                                                      
00000f6d  PORT4_IRQHandler                                                      
00000f6d  PORT5_IRQHandler                                                      
00000f6d  PORT6_IRQHandler                                                      
00000f6d  PSS_IRQHandler                                                        
00000f6d  PendSV_Handler                                                        
00000f6d  RTC_C_IRQHandler                                                      
00000f6d  SVC_Handler                                                           
00000f6d  SysTick_Handler                                                       
00000f6d  T32_INT1_IRQHandler                                                   
00000f6d  T32_INT2_IRQHandler                                                   
00000f6d  T32_INTC_IRQHandler                                                   
00000f6d  TA0_0_IRQHandler                                                      
00000f6d  TA0_N_IRQHandler                                                      
00000f6d  TA1_0_IRQHandler                                                      
00000f6d  TA1_N_IRQHandler                                                      
00000f6d  TA2_0_IRQHandler                                                      
00000f6d  TA2_N_IRQHandler                                                      
00000f6d  TA3_0_IRQHandler                                                      
00000f6d  TA3_N_IRQHandler                                                      
00000f6d  UsageFault_Handler                                                    
00000f6d  WDT_A_IRQHandler                                                      
00000f71  _ZSt15get_new_handlerv                                                
00000f7d  malloc                                                                
00000f85  _system_pre_init                                                      
00000f89  C$$EXIT                                                               
00000f89  _ZSt17__throw_bad_allocv                                              
00000f89  abort                                                                 
00000f8c  SHT$$INIT_ARRAY$$Base                                                 
00000f90  SHT$$INIT_ARRAY$$Limit                                                
00000fa4  __TI_Handler_Table_Base                                               
00000fb0  __TI_Handler_Table_Limit                                              
00000fb8  __TI_CINIT_Base                                                       
00000fc8  __TI_CINIT_Limit                                                      
20000000  __start___llvm_prf_cnts                                               
20000000  __stop___llvm_prf_cnts                                                
20000000  _sys_memory                                                           
20000400  PHOTON_IN                                                             
2000040c  PHOTON_OUT                                                            
20000418  RED_LED                                                               
20000424  S1                                                                    
20000430  S2                                                                    
2000043c  S_EXT                                                                 
2000044c  stepper                                                               
20000450  _lock                                                                 
20000454  _unlock                                                               
20000460  SystemCoreClock                                                       
2000fe00  __stack                                                               
20010000  __STACK_END                                                           
4000480c  WDTCTL_SYM                                                            
ffffffff  __TI_pprof_out_hndl                                                   
ffffffff  __TI_prof_data_size                                                   
ffffffff  __TI_prof_data_start                                                  
ffffffff  __binit__                                                             
ffffffff  __c_args__                                                            
ffffffff  binit                                                                 
UNDEFED   __mpu_init                                                            
UNDEFED   _system_post_cinit                                                    

[135 symbols]
